###############################################################################
#
# IAR ELF Linker V7.80.3.12102/W32 for ARM                27/Feb/2017  14:16:18
# Copyright 2007-2016 IAR Systems AB.
#
#    Output file  =  
#        C:\wifi-esp8268\stm32f103rcx_proj\Proj\Debug\Exe\stm32Prj.out
#    Map file     =  
#        C:\wifi-esp8268\stm32f103rcx_proj\Proj\Debug\List\stm32Prj.map
#    Command line =  
#        C:\wifi-esp8268\stm32f103rcx_proj\Proj\Debug\Obj\heap_4.o
#        C:\wifi-esp8268\stm32f103rcx_proj\Proj\Debug\Obj\list.o
#        C:\wifi-esp8268\stm32f103rcx_proj\Proj\Debug\Obj\main.o
#        C:\wifi-esp8268\stm32f103rcx_proj\Proj\Debug\Obj\port.o
#        C:\wifi-esp8268\stm32f103rcx_proj\Proj\Debug\Obj\portasm.o
#        C:\wifi-esp8268\stm32f103rcx_proj\Proj\Debug\Obj\queue.o
#        C:\wifi-esp8268\stm32f103rcx_proj\Proj\Debug\Obj\startup_stm32f103xe.o
#        C:\wifi-esp8268\stm32f103rcx_proj\Proj\Debug\Obj\stm32f1xx_hal.o
#        C:\wifi-esp8268\stm32f103rcx_proj\Proj\Debug\Obj\stm32f1xx_hal_cortex.o
#        C:\wifi-esp8268\stm32f103rcx_proj\Proj\Debug\Obj\stm32f1xx_hal_gpio.o
#        C:\wifi-esp8268\stm32f103rcx_proj\Proj\Debug\Obj\stm32f1xx_hal_gpio_ex.o
#        C:\wifi-esp8268\stm32f103rcx_proj\Proj\Debug\Obj\stm32f1xx_hal_rcc.o
#        C:\wifi-esp8268\stm32f103rcx_proj\Proj\Debug\Obj\stm32f1xx_hal_rcc_ex.o
#        C:\wifi-esp8268\stm32f103rcx_proj\Proj\Debug\Obj\stm32f1xx_hal_uart.o
#        C:\wifi-esp8268\stm32f103rcx_proj\Proj\Debug\Obj\stm32f1xx_hal_usart.o
#        C:\wifi-esp8268\stm32f103rcx_proj\Proj\Debug\Obj\stm32f1xx_it.o
#        C:\wifi-esp8268\stm32f103rcx_proj\Proj\Debug\Obj\system_stm32f1xx.o
#        C:\wifi-esp8268\stm32f103rcx_proj\Proj\Debug\Obj\tasks.o -o
#        C:\wifi-esp8268\stm32f103rcx_proj\Proj\Debug\Exe\stm32Prj.out --map
#        C:\wifi-esp8268\stm32f103rcx_proj\Proj\Debug\List\stm32Prj.map
#        --config "C:\Program Files (x86)\IAR Systems\Embedded Workbench
#        7.5\arm\config\linker\ST\stm32f103xC.icf" --semihosting --entry
#        __iar_program_start "C:\Program Files (x86)\IAR Systems\Embedded
#        Workbench 7.5\arm\CMSIS\Lib\IAR\iar_cortexM3l_math.a" --vfe
#
###############################################################################

*******************************************************************************
*** RUNTIME MODEL ATTRIBUTES
***

CppFlavor       = *
__SystemLibrary = DLib


*******************************************************************************
*** PLACEMENT SUMMARY
***

"A0":  place at 0x08000000 { ro section .intvec };
"P1":  place in [from 0x08000000 to 0x0803ffff] { ro };
"P2":  place in [from 0x20000000 to 0x2000bfff] { rw, block CSTACK, block HEAP };
initialize by copy { rw };

  Section            Kind        Address    Size  Object
  -------            ----        -------    ----  ------
"A0":                                      0x130
  .intvec            ro code  0x08000000   0x130  startup_stm32f103xe.o [1]
                            - 0x08000130   0x130

"P1":                                     0x1efc
  .text              ro code  0x08000130   0x9dc  stm32f1xx_hal_rcc.o [1]
  .text              ro code  0x08000b0c     0xc  stm32f1xx_hal.o [1]
  .text              ro code  0x08000b18    0x1a  stm32f1xx_hal.o [1]
  .text              ro code  0x08000b32    0x24  stm32f1xx_hal.o [1]
  .rodata            const    0x08000b56     0x2  stm32f1xx_hal_rcc.o [1]
  .text              ro code  0x08000b58    0x56  ABImemcpy_unaligned.o [4]
  .text              ro code  0x08000bb0   0x104  stm32f1xx_hal_cortex.o [1]
  .text              ro code  0x08000cb4   0x74c  tasks.o [1]
  .text              ro code  0x08001400   0x260  heap_4.o [1]
  .text              ro code  0x08001660    0x66  ABImemset.o [4]
  .text              ro code  0x080016c6    0x98  list.o [1]
  .text              ro code  0x08001760   0x1a8  port.o [1]
  CODE               ro code  0x08001908    0x88  portasm.o [1]
  .text              ro code  0x08001990   0x214  stm32f1xx_hal_gpio.o [1]
  .text              ro code  0x08001ba4   0x146  main.o [1]
  .text              ro code  0x08001cec     0x6  ABImemclr4.o [4]
  .text              ro code  0x08001cf4    0x28  stm32f1xx_hal.o [1]
  .text              ro code  0x08001d1c    0x32  ABImemset48.o [4]
  .text              ro code  0x08001d50    0x68  system_stm32f1xx.o [1]
  .text              ro code  0x08001db8    0x40  zero_init3.o [4]
  .text              ro code  0x08001df8    0x2c  copy_init3.o [4]
  .text              ro code  0x08001e24    0x28  data_init.o [4]
  .iar.init_table    const    0x08001e4c    0x24  - Linker created -
  .text              ro code  0x08001e70    0x1a  cmain.o [4]
  .text              ro code  0x08001e8a     0x4  low_level_init.o [3]
  .text              ro code  0x08001e8e     0x4  exit.o [3]
  .text              ro code  0x08001e94     0xa  cexit.o [4]
  .text              ro code  0x08001ea0    0x14  exit.o [5]
  .text              ro code  0x08001eb4    0x16  stm32f1xx_it.o [1]
  .text              ro code  0x08001ecc    0x10  stm32f1xx_hal.o [1]
  .rodata            const    0x08001edc    0x10  stm32f1xx_hal_rcc.o [1]
  .rodata            const    0x08001eec    0x10  system_stm32f1xx.o [1]
  .text              ro code  0x08001efc    0x10  startup_stm32f103xe.o [1]
  .rodata            const    0x08001f0c     0xc  main.o [1]
  .text              ro code  0x08001f18     0xc  cstartup_M.o [4]
  .rodata            const    0x08001f24     0x8  tasks.o [1]
  Initializer bytes  const    0x08001f2c     0x8  <for P2-1>
  .rodata            const    0x08001f34     0x4  heap_4.o [1]
  .text              ro code  0x08001f38     0x4  startup_stm32f103xe.o [1]
  .text              ro code  0x08001f3c     0x4  startup_stm32f103xe.o [1]
  .text              ro code  0x08001f40     0x4  startup_stm32f103xe.o [1]
  .text              ro code  0x08001f44     0x4  startup_stm32f103xe.o [1]
  .text              ro code  0x08001f48     0x4  startup_stm32f103xe.o [1]
  .text              ro code  0x08001f4c     0x4  startup_stm32f103xe.o [1]
  .text              ro code  0x08001f50     0x4  startup_stm32f103xe.o [1]
  .text              ro code  0x08001f54     0x4  startup_stm32f103xe.o [1]
  .text              ro code  0x08001f58     0x4  startup_stm32f103xe.o [1]
  .text              ro code  0x08001f5c     0x4  startup_stm32f103xe.o [1]
  .text              ro code  0x08001f60     0x4  startup_stm32f103xe.o [1]
  .text              ro code  0x08001f64     0x4  startup_stm32f103xe.o [1]
  .text              ro code  0x08001f68     0x4  startup_stm32f103xe.o [1]
  .text              ro code  0x08001f6c     0x4  startup_stm32f103xe.o [1]
  .text              ro code  0x08001f70     0x4  startup_stm32f103xe.o [1]
  .text              ro code  0x08001f74     0x4  startup_stm32f103xe.o [1]
  .text              ro code  0x08001f78     0x4  startup_stm32f103xe.o [1]
  .text              ro code  0x08001f7c     0x4  startup_stm32f103xe.o [1]
  .text              ro code  0x08001f80     0x4  startup_stm32f103xe.o [1]
  .text              ro code  0x08001f84     0x4  startup_stm32f103xe.o [1]
  .text              ro code  0x08001f88     0x4  startup_stm32f103xe.o [1]
  .text              ro code  0x08001f8c     0x4  startup_stm32f103xe.o [1]
  .text              ro code  0x08001f90     0x4  startup_stm32f103xe.o [1]
  .text              ro code  0x08001f94     0x4  startup_stm32f103xe.o [1]
  .text              ro code  0x08001f98     0x4  startup_stm32f103xe.o [1]
  .text              ro code  0x08001f9c     0x4  startup_stm32f103xe.o [1]
  .text              ro code  0x08001fa0     0x4  startup_stm32f103xe.o [1]
  .text              ro code  0x08001fa4     0x4  startup_stm32f103xe.o [1]
  .text              ro code  0x08001fa8     0x4  startup_stm32f103xe.o [1]
  .text              ro code  0x08001fac     0x4  startup_stm32f103xe.o [1]
  .text              ro code  0x08001fb0     0x4  startup_stm32f103xe.o [1]
  .text              ro code  0x08001fb4     0x4  startup_stm32f103xe.o [1]
  .text              ro code  0x08001fb8     0x4  startup_stm32f103xe.o [1]
  .text              ro code  0x08001fbc     0x4  startup_stm32f103xe.o [1]
  .text              ro code  0x08001fc0     0x4  startup_stm32f103xe.o [1]
  .text              ro code  0x08001fc4     0x4  startup_stm32f103xe.o [1]
  .text              ro code  0x08001fc8     0x4  startup_stm32f103xe.o [1]
  .text              ro code  0x08001fcc     0x4  startup_stm32f103xe.o [1]
  .text              ro code  0x08001fd0     0x4  startup_stm32f103xe.o [1]
  .text              ro code  0x08001fd4     0x4  startup_stm32f103xe.o [1]
  .text              ro code  0x08001fd8     0x4  startup_stm32f103xe.o [1]
  .text              ro code  0x08001fdc     0x4  startup_stm32f103xe.o [1]
  .text              ro code  0x08001fe0     0x4  startup_stm32f103xe.o [1]
  .text              ro code  0x08001fe4     0x4  startup_stm32f103xe.o [1]
  .text              ro code  0x08001fe8     0x4  startup_stm32f103xe.o [1]
  .text              ro code  0x08001fec     0x4  startup_stm32f103xe.o [1]
  .text              ro code  0x08001ff0     0x4  startup_stm32f103xe.o [1]
  .text              ro code  0x08001ff4     0x4  startup_stm32f103xe.o [1]
  .text              ro code  0x08001ff8     0x4  startup_stm32f103xe.o [1]
  .text              ro code  0x08001ffc     0x4  startup_stm32f103xe.o [1]
  .text              ro code  0x08002000     0x4  startup_stm32f103xe.o [1]
  .text              ro code  0x08002004     0x4  startup_stm32f103xe.o [1]
  .text              ro code  0x08002008     0x4  startup_stm32f103xe.o [1]
  .text              ro code  0x0800200c     0x4  startup_stm32f103xe.o [1]
  .text              ro code  0x08002010     0x4  startup_stm32f103xe.o [1]
  .text              ro code  0x08002014     0x4  startup_stm32f103xe.o [1]
  .text              ro code  0x08002018     0x4  startup_stm32f103xe.o [1]
  .text              ro code  0x0800201c     0x4  startup_stm32f103xe.o [1]
  .text              ro code  0x08002020     0x4  startup_stm32f103xe.o [1]
  .text              ro code  0x08002024     0x4  startup_stm32f103xe.o [1]
  .text              ro code  0x08002028     0x4  startup_stm32f103xe.o [1]
  .rodata            const    0x0800202c     0x0  zero_init3.o [4]
  .rodata            const    0x0800202c     0x0  copy_init3.o [4]
                            - 0x0800202c  0x1efc

"P2", part 1 of 3:                           0x8
  P2-1                        0x20000000     0x8  <Init block>
    .data            inited   0x20000000     0x4  port.o [1]
    .data            inited   0x20000004     0x4  system_stm32f1xx.o [1]
                            - 0x20000008     0x8

"P2", part 2 of 3:                        0x1000
  CSTACK                      0x20000008  0x1000  <Block>
    CSTACK           uninit   0x20000008  0x1000  <Block tail>
                            - 0x20001008  0x1000

"P2", part 3 of 3:                        0x5150
  .bss               zero     0x20001008  0x5000  heap_4.o [1]
  .bss               zero     0x20006008    0x8c  tasks.o [1]
  .bss               zero     0x20006094    0x14  tasks.o [1]
  .bss               zero     0x200060a8    0x14  tasks.o [1]
  .bss               zero     0x200060bc    0x14  tasks.o [1]
  .bss               zero     0x200060d0    0x14  tasks.o [1]
  .bss               zero     0x200060e4    0x14  tasks.o [1]
  .bss               zero     0x200060f8     0x8  heap_4.o [1]
  .bss               zero     0x20006100     0x4  heap_4.o [1]
  .bss               zero     0x20006104     0x4  heap_4.o [1]
  .bss               zero     0x20006108     0x4  heap_4.o [1]
  .bss               zero     0x2000610c     0x4  heap_4.o [1]
  .bss               zero     0x20006110     0x4  port.o [1]
  .bss               zero     0x20006114     0x4  stm32f1xx_hal.o [1]
  .bss               zero     0x20006118     0x4  tasks.o [1]
  .bss               zero     0x2000611c     0x4  tasks.o [1]
  .bss               zero     0x20006120     0x4  tasks.o [1]
  .bss               zero     0x20006124     0x4  tasks.o [1]
  .bss               zero     0x20006128     0x4  tasks.o [1]
  .bss               zero     0x2000612c     0x4  tasks.o [1]
  .bss               zero     0x20006130     0x4  tasks.o [1]
  .bss               zero     0x20006134     0x4  tasks.o [1]
  .bss               zero     0x20006138     0x4  tasks.o [1]
  .bss               zero     0x2000613c     0x4  tasks.o [1]
  .bss               zero     0x20006140     0x4  tasks.o [1]
  .bss               zero     0x20006144     0x4  tasks.o [1]
  .bss               zero     0x20006148     0x4  tasks.o [1]
  .bss               zero     0x2000614c     0x4  tasks.o [1]
  .bss               zero     0x20006150     0x4  tasks.o [1]
  .bss               zero     0x20006154     0x1  port.o [1]
                            - 0x20006155  0x514d


*******************************************************************************
*** INIT TABLE
***

          Address     Size
          -------     ----
Zero (__iar_zero_init3)
    1 destination range, total size 0x514d:
          0x20001008  0x514d

Copy (__iar_copy_init3)
    1 source range, total size 0x8:
          0x08001f2c     0x8
    1 destination range, total size 0x8:
          0x20000000     0x8



*******************************************************************************
*** MODULE SUMMARY
***

    Module                  ro code  ro data  rw data
    ------                  -------  -------  -------
C:\wifi-esp8268\stm32f103rcx_proj\Proj\Debug\Obj: [1]
    heap_4.o                    608        4   20 504
    list.o                      152
    main.o                      326       12
    port.o                      424        4        9
    portasm.o                   136
    startup_stm32f103xe.o       564
    stm32f1xx_hal.o             130                 4
    stm32f1xx_hal_cortex.o      260
    stm32f1xx_hal_gpio.o        532
    stm32f1xx_hal_rcc.o       2 524       18
    stm32f1xx_it.o               22
    system_stm32f1xx.o          104       20        4
    tasks.o                   1 868        8      300
    -------------------------------------------------
    Total:                    7 650       66   20 821

command line: [2]
    -------------------------------------------------
    Total:

dl7M_tln.a: [3]
    exit.o                        4
    low_level_init.o              4
    -------------------------------------------------
    Total:                        8

rt7M_tl.a: [4]
    ABImemclr4.o                  6
    ABImemcpy_unaligned.o        86
    ABImemset.o                 102
    ABImemset48.o                50
    cexit.o                      10
    cmain.o                      26
    copy_init3.o                 44
    cstartup_M.o                 12
    data_init.o                  40
    zero_init3.o                 64
    -------------------------------------------------
    Total:                      440

shb_l.a: [5]
    exit.o                       20
    -------------------------------------------------
    Total:                       20

    Gaps                         16
    Linker created                        36    4 096
-----------------------------------------------------
    Grand Total:              8 134      102   24 917


*******************************************************************************
*** ENTRY LIST
***

Entry                      Address    Size  Type      Object
-----                      -------    ----  ----      ------
.iar.init_table$$Base   0x08001e4c           --   Gb  - Linker created -
.iar.init_table$$Limit  0x08001e70           --   Gb  - Linker created -
?main                   0x08001e71          Code  Gb  cmain.o [4]
AHBPrescTable           0x08001eec    0x10  Data  Gb  system_stm32f1xx.o [1]
BusFault_Handler        0x08001eb9     0x2  Code  Gb  stm32f1xx_it.o [1]
CSTACK$$Base            0x20000008           --   Gb  - Linker created -
CSTACK$$Limit           0x20001008           --   Gb  - Linker created -
DebugMon_Handler        0x08001ebd     0x2  Code  Gb  stm32f1xx_it.o [1]
HAL_Delay               0x08000b19    0x1a  Code  Wk  stm32f1xx_hal.o [1]
HAL_GPIO_Init           0x08001991   0x1cc  Code  Gb  stm32f1xx_hal_gpio.o [1]
HAL_GetTick             0x08000b0d     0xc  Code  Wk  stm32f1xx_hal.o [1]
HAL_IncTick             0x08001ecd    0x10  Code  Wk  stm32f1xx_hal.o [1]
HAL_Init                0x08001cf5    0x22  Code  Gb  stm32f1xx_hal.o [1]
HAL_InitTick            0x08000b33    0x24  Code  Wk  stm32f1xx_hal.o [1]
HAL_MspInit             0x08001c27     0x8  Code  Gb  main.o [1]
HAL_NVIC_SetPriority    0x08000c6d    0x22  Code  Gb  stm32f1xx_hal_cortex.o [1]
HAL_NVIC_SetPriorityGrouping
                        0x08000c65     0x8  Code  Gb  stm32f1xx_hal_cortex.o [1]
HAL_RCC_ClockConfig     0x08000829   0x226  Code  Gb  stm32f1xx_hal_rcc.o [1]
HAL_RCC_GetHCLKFreq     0x08000ac9     0x6  Code  Gb  stm32f1xx_hal_rcc.o [1]
HAL_RCC_GetSysClockFreq
                        0x08000a4f    0x7a  Code  Gb  stm32f1xx_hal_rcc.o [1]
HAL_RCC_OscConfig       0x08000131   0x6f8  Code  Gb  stm32f1xx_hal_rcc.o [1]
HAL_SYSTICK_Config      0x08000c8f     0x8  Code  Gb  stm32f1xx_hal_cortex.o [1]
MemManage_Handler       0x08001eb7     0x2  Code  Gb  stm32f1xx_it.o [1]
NMI_Handler             0x08001eb5     0x2  Code  Gb  stm32f1xx_it.o [1]
NVIC_EncodePriority     0x08000bf9    0x3e  Code  Lc  stm32f1xx_hal_cortex.o [1]
NVIC_GetPriorityGrouping
                        0x08000bcd     0xa  Code  Lc  stm32f1xx_hal_cortex.o [1]
NVIC_SetPriority        0x08000bd7    0x22  Code  Lc  stm32f1xx_hal_cortex.o [1]
NVIC_SetPriorityGrouping
                        0x08000bb1    0x1c  Code  Lc  stm32f1xx_hal_cortex.o [1]
PendSV_Handler          0x08001909          Code  Gb  portasm.o [1]
Region$$Table$$Base     0x08001e4c           --   Gb  - Linker created -
Region$$Table$$Limit    0x08001e70           --   Gb  - Linker created -
SVC_Handler             0x0800194f          Code  Gb  portasm.o [1]
SysTick_Config          0x08000c37    0x2e  Code  Lc  stm32f1xx_hal_cortex.o [1]
SysTick_Handler         0x08001ebf     0xc  Code  Gb  stm32f1xx_it.o [1]
SystemClock_Config      0x08001c79    0x72  Code  Gb  main.o [1]
SystemCoreClock         0x20000004     0x4  Data  Gb  system_stm32f1xx.o [1]
SystemInit              0x08001d51    0x4e  Code  Gb  system_stm32f1xx.o [1]
UsageFault_Handler      0x08001ebb     0x2  Code  Gb  stm32f1xx_it.o [1]
__aeabi_memclr4         0x08001ced          Code  Gb  ABImemclr4.o [4]
__aeabi_memset          0x08001661          Code  Gb  ABImemset.o [4]
__cmain                 0x08001e71          Code  Gb  cmain.o [4]
__exit                  0x08001ea1    0x14  Code  Gb  exit.o [5]
__iar_Memset            0x08001661          Code  Gb  ABImemset.o [4]
__iar_Memset4_word      0x08001d1d          Code  Gb  ABImemset48.o [4]
__iar_Memset8_word      0x08001d1d          Code  Gb  ABImemset48.o [4]
__iar_Memset_word       0x08001669          Code  Gb  ABImemset.o [4]
__iar_copy_init3        0x08001df9    0x2c  Code  Gb  copy_init3.o [4]
__iar_data_init3        0x08001e25    0x28  Code  Gb  data_init.o [4]
__iar_program_start     0x08001f19          Code  Gb  cstartup_M.o [4]
__iar_unaligned___aeabi_memcpy4
                        0x08000b59          Code  Gb  ABImemcpy_unaligned.o [4]
__iar_unaligned___aeabi_memcpy8
                        0x08000b59          Code  Gb  ABImemcpy_unaligned.o [4]
__iar_zero_init3        0x08001db9    0x40  Code  Gb  zero_init3.o [4]
__low_level_init        0x08001e8b     0x4  Code  Gb  low_level_init.o [3]
__vector_table          0x08000000          Data  Gb  startup_stm32f103xe.o [1]
_call_main              0x08001e7d          Code  Gb  cmain.o [4]
_exit                   0x08001e95          Code  Gb  cexit.o [4]
_main                   0x08001e87          Code  Gb  cmain.o [4]
exit                    0x08001e8f     0x4  Code  Gb  exit.o [3]
main                    0x08001c2f    0x2c  Code  Gb  main.o [1]
prvAddCurrentTaskToDelayedList
                        0x08001345    0x80  Code  Lc  tasks.o [1]
prvAddNewTaskToReadyList
                        0x08000ddd    0xc0  Code  Lc  tasks.o [1]
prvCheckTasksWaitingTermination
                        0x08001277    0x64  Code  Lc  tasks.o [1]
prvDeleteTCB            0x080012ed    0x12  Code  Lc  tasks.o [1]
prvHeapInit             0x08001583    0x64  Code  Lc  heap_4.o [1]
prvIdleTask             0x080011f9    0x24  Code  Lc  tasks.o [1]
prvInitialiseNewTask    0x08000d2b    0xb2  Code  Lc  tasks.o [1]
prvInitialiseTaskLists  0x08001221    0x56  Code  Lc  tasks.o [1]
prvInsertBlockIntoFreeList
                        0x080015e7    0x5c  Code  Lc  heap_4.o [1]
prvResetNextTaskUnblockTime
                        0x080012ff    0x28  Code  Lc  tasks.o [1]
prvTaskExitError        0x08001781    0x2a  Code  Lc  port.o [1]
pvPortMalloc            0x08001401   0x10c  Code  Gb  heap_4.o [1]
pxCurrentTCB            0x20006118     0x4  Data  Gb  tasks.o [1]
pxDelayedTaskList       0x2000611c     0x4  Data  Lc  tasks.o [1]
pxEnd                   0x20006100     0x4  Data  Lc  heap_4.o [1]
pxOverflowDelayedTaskList
                        0x20006120     0x4  Data  Lc  tasks.o [1]
pxPortInitialiseStack   0x08001761    0x20  Code  Gb  port.o [1]
pxReadyTasksLists       0x20006008    0x8c  Data  Lc  tasks.o [1]
ucHeap                  0x20001008  0x5000  Data  Lc  heap_4.o [1]
ucMaxSysCallPriority    0x20006154     0x1  Data  Lc  port.o [1]
ulMaxPRIGROUPValue      0x20006110     0x4  Data  Lc  port.o [1]
uwTick                  0x20006114     0x4  Data  Lc  stm32f1xx_hal.o [1]
uxCriticalNesting       0x20000000     0x4  Data  Lc  port.o [1]
uxCurrentNumberOfTasks  0x20006128     0x4  Data  Lc  tasks.o [1]
uxDeletedTasksWaitingCleanUp
                        0x20006124     0x4  Data  Lc  tasks.o [1]
uxListRemove            0x08001739    0x26  Code  Gb  list.o [1]
uxPendedTicks           0x20006138     0x4  Data  Lc  tasks.o [1]
uxSchedulerSuspended    0x20006150     0x4  Data  Lc  tasks.o [1]
uxTaskNumber            0x20006144     0x4  Data  Lc  tasks.o [1]
uxTopReadyPriority      0x20006130     0x4  Data  Lc  tasks.o [1]
vListInitialise         0x080016c7    0x1e  Code  Gb  list.o [1]
vListInitialiseItem     0x080016e5     0x6  Code  Gb  list.o [1]
vListInsert             0x08001703    0x36  Code  Gb  list.o [1]
vListInsertEnd          0x080016eb    0x18  Code  Gb  list.o [1]
vMainTask               0x08001ba5    0x82  Code  Lc  main.o [1]
vPortEnterCritical      0x08001833    0x3a  Code  Gb  port.o [1]
vPortExitCritical       0x0800186d    0x32  Code  Gb  port.o [1]
vPortFree               0x0800150d    0x76  Code  Gb  heap_4.o [1]
vPortSetupTimerInterrupt
                        0x080018e1    0x28  Code  Wk  port.o [1]
vPortStartFirstTask     0x0800196f          Code  Gb  portasm.o [1]
vTaskDelay              0x08000e9d    0x4c  Code  Gb  tasks.o [1]
vTaskStartScheduler     0x08000ee9    0x66  Code  Gb  tasks.o [1]
vTaskSuspendAll         0x08000f4f    0x10  Code  Gb  tasks.o [1]
vTaskSwitchContext      0x0800116f    0x6c  Code  Gb  tasks.o [1]
xBlockAllocatedBit      0x2000610c     0x4  Data  Lc  heap_4.o [1]
xDelayedTaskList1       0x20006094    0x14  Data  Lc  tasks.o [1]
xDelayedTaskList2       0x200060a8    0x14  Data  Lc  tasks.o [1]
xFreeBytesRemaining     0x20006104     0x4  Data  Lc  heap_4.o [1]
xHeapStructSize         0x08001f34     0x4  Data  Lc  heap_4.o [1]
xIdleTaskHandle         0x2000614c     0x4  Data  Lc  tasks.o [1]
xMinimumEverFreeBytesRemaining
                        0x20006108     0x4  Data  Lc  heap_4.o [1]
xNextTaskUnblockTime    0x20006148     0x4  Data  Lc  tasks.o [1]
xNumOfOverflows         0x20006140     0x4  Data  Lc  tasks.o [1]
xPendingReadyList       0x200060bc    0x14  Data  Lc  tasks.o [1]
xPortStartScheduler     0x080017ab    0x88  Code  Gb  port.o [1]
xPortSysTickHandler     0x0800189f    0x28  Code  Gb  port.o [1]
xSchedulerRunning       0x20006134     0x4  Data  Lc  tasks.o [1]
xStart                  0x200060f8     0x8  Data  Lc  heap_4.o [1]
xSuspendedTaskList      0x200060e4    0x14  Data  Lc  tasks.o [1]
xTaskCreate             0x08000cb5    0x76  Code  Gb  tasks.o [1]
xTaskIncrementTick      0x08001059   0x116  Code  Gb  tasks.o [1]
xTaskResumeAll          0x08000f5f    0xfa  Code  Gb  tasks.o [1]
xTasksWaitingTermination
                        0x200060d0    0x14  Data  Lc  tasks.o [1]
xTickCount              0x2000612c     0x4  Data  Lc  tasks.o [1]
xYieldPending           0x2000613c     0x4  Data  Lc  tasks.o [1]


[1] = C:\wifi-esp8268\stm32f103rcx_proj\Proj\Debug\Obj
[2] = command line
[3] = dl7M_tln.a
[4] = rt7M_tl.a
[5] = shb_l.a

   8 134 bytes of readonly  code memory
     102 bytes of readonly  data memory
  24 917 bytes of readwrite data memory

Errors: none
Warnings: none
